// Jest Snapshot v1, https://goo.gl/fbAQLP

exports[`ReviewsList rendered correctly 1`] = `
<section
  className="property__reviews reviews"
>
  <h2
    className="reviews__title"
  >
    Reviews · 
    <span
      className="reviews__amount"
    >
      2
    </span>
  </h2>
  <ul
    className="reviews__list"
  >
    <li
      className="reviews__item"
    >
      <div
        className="reviews__user user"
      >
        <div
          className="reviews__avatar-wrapper user__avatar-wrapper"
        >
          <img
            alt="Alex"
            className="reviews__avatar user__avatar"
            height="54"
            src="img/avatar.svg"
            width="54"
          />
        </div>
        <span
          className="reviews__user-name"
        >
          Alex
        </span>
      </div>
      <div
        className="reviews__info"
      >
        <div
          className="reviews__rating rating"
        >
          <div
            className="reviews__stars rating__stars"
          >
            <span
              style={
                Object {
                  "width": "18%",
                }
              }
            />
            <span
              className="visually-hidden"
            >
              Rating
            </span>
          </div>
        </div>
        <p
          className="reviews__text"
        >
          Рейтинг. Оценка выводится в виде закрашенных звезд. Максимальное количество звёзд — 5. Оценка округляется до ближайшего целого. Например, оценка 3.1 округляется до 3-х. Оценка 4.5 округляется до 5.
        </p>
        <time
          className="reviews__time"
          dateTime="2019-04-24"
        >
          April 2019
        </time>
      </div>
    </li>
    <li
      className="reviews__item"
    >
      <div
        className="reviews__user user"
      >
        <div
          className="reviews__avatar-wrapper user__avatar-wrapper"
        >
          <img
            alt="John"
            className="reviews__avatar user__avatar"
            height="54"
            src="img/avatar.svg"
            width="54"
          />
        </div>
        <span
          className="reviews__user-name"
        >
          John
        </span>
      </div>
      <div
        className="reviews__info"
      >
        <div
          className="reviews__rating rating"
        >
          <div
            className="reviews__stars rating__stars"
          >
            <span
              style={
                Object {
                  "width": "100%",
                }
              }
            />
            <span
              className="visually-hidden"
            >
              Rating
            </span>
          </div>
        </div>
        <p
          className="reviews__text"
        >
          Дата отзыва в формате: Месяц Год. Например: April 2019
        </p>
        <time
          className="reviews__time"
          dateTime="2019-04-24"
        >
          April 2019
        </time>
      </div>
    </li>
  </ul>
  <form
    action="#"
    className="reviews__form form"
    method="post"
  >
    <label
      className="reviews__label form__label"
      htmlFor="review"
    >
      Your review
    </label>
    <div
      className="reviews__rating-form form__rating"
    >
      <input
        className="form__rating-input visually-hidden"
        id="5-stars"
        name="rating"
        type="radio"
        value="5"
      />
      <label
        className="reviews__rating-label form__rating-label"
        htmlFor="5-stars"
        title="perfect"
      >
        <svg
          className="form__star-image"
          height="33"
          width="37"
        />
      </label>
      <input
        className="form__rating-input visually-hidden"
        id="4-stars"
        name="rating"
        type="radio"
        value="4"
      />
      <label
        className="reviews__rating-label form__rating-label"
        htmlFor="4-stars"
        title="good"
      >
        <svg
          className="form__star-image"
          height="33"
          width="37"
        />
      </label>
      <input
        className="form__rating-input visually-hidden"
        id="3-stars"
        name="rating"
        type="radio"
        value="3"
      />
      <label
        className="reviews__rating-label form__rating-label"
        htmlFor="3-stars"
        title="not bad"
      >
        <svg
          className="form__star-image"
          height="33"
          width="37"
        />
      </label>
      <input
        className="form__rating-input visually-hidden"
        id="2-stars"
        name="rating"
        type="radio"
        value="2"
      />
      <label
        className="reviews__rating-label form__rating-label"
        htmlFor="2-stars"
        title="badly"
      >
        <svg
          className="form__star-image"
          height="33"
          width="37"
        />
      </label>
      <input
        className="form__rating-input visually-hidden"
        id="1-star"
        name="rating"
        type="radio"
        value="1"
      />
      <label
        className="reviews__rating-label form__rating-label"
        htmlFor="1-star"
        title="terribly"
      >
        <svg
          className="form__star-image"
          height="33"
          width="37"
        />
      </label>
    </div>
    <textarea
      className="reviews__textarea form__textarea"
      id="review"
      name="review"
      placeholder="Tell how was your stay, what you like and what can be improved"
    />
    <div
      className="reviews__button-wrapper"
    >
      <p
        className="reviews__help"
      >
        To submit review please make sure to set 
        <span
          className="reviews__star"
        >
          rating
        </span>
         and describe your stay with at least 
        <b
          className="reviews__text-amount"
        >
          50 characters
        </b>
        .
      </p>
      <button
        className="reviews__submit form__submit button"
        disabled=""
        type="submit"
      >
        Submit
      </button>
    </div>
  </form>
</section>
`;
